
  ___  ____  ____  ____  ____ ©
 /__    /   ____/   /   ____/      17.0
___/   /   /___/   /   /___/       MP—Parallel Edition

 Statistics and Data Science       Copyright 1985-2021 StataCorp LLC
                                   StataCorp
                                   4905 Lakeway Drive
                                   College Station, Texas 77845 USA
                                   800-STATA-PC        https://www.stata.com
                                   979-696-4600        stata@stata.com

Stata license: Unlimited-user 64-core network perpetual
Serial number: 18461036
  Licensed to: TEAM BTCR
               TEAM BTCR

Notes:
      1. Stata is running in batch mode.
      2. Unicode is supported; see help unicode_advice.
      3. More than 2 billion observations are allowed; see help obs_advice.
      4. Maximum number of variables is set to 5,000; see help set_maxvar.

. do D:/AutoRegMonkey/workspace/script.do 

. capture log close

. set more off

. display "Hello from Stata"
Hello from Stata

. log using "workspace/test.log", replace text
(file D:\AutoRegMonkey\workspace/test.log not found)
-------------------------------------------------------------------------------
      name:  <unnamed>
       log:  D:\AutoRegMonkey\workspace/test.log
  log type:  text
 opened on:   4 Dec 2025, 20:46:09

. summarize

. log close
      name:  <unnamed>
       log:  D:\AutoRegMonkey\workspace/test.log
  log type:  text
 closed on:   4 Dec 2025, 20:46:09
-------------------------------------------------------------------------------

. 
end of do-file
